Nothing to build in platform 'design_1_wrapper'

17:55:54 **** Incremental Build of configuration Debug for project iot_display2 ****
make all 
make --no-print-directory pre-build
a9-linaro-pre-build-step
' '
make --no-print-directory main-build
'Building file: ../src/echo.c'
'Invoking: ARM v7 gcc compiler'
arm-none-eabi-gcc -Wall -O0 -g3 -c -fmessage-length=0 -MT"src/echo.o" -mcpu=cortex-a9 -mfpu=vfpv3 -mfloat-abi=hard -ID:/pantherun/Iot_Display/design_1_wrapper/export/design_1_wrapper/sw/design_1_wrapper/standalone_domain/bspinclude/include -MMD -MP -MF"src/echo.d" -MT"src/echo.o" -o "src/echo.o" "../src/echo.c"
'Finished building: ../src/echo.c'
' '
'Building target: iot_display2.elf'
'Invoking: ARM v7 gcc linker'
arm-none-eabi-gcc -mcpu=cortex-a9 -mfpu=vfpv3 -mfloat-abi=hard -Wl,-build-id=none -specs=Xilinx.spec -Wl,-T -Wl,../src/lscript.ld -LD:/pantherun/Iot_Display/design_1_wrapper/export/design_1_wrapper/sw/design_1_wrapper/standalone_domain/bsplib/lib -o "iot_display2.elf"  ./src/echo.o ./src/i2c_access.o ./src/iic_phyreset.o ./src/main.o ./src/oled.o ./src/platform.o ./src/platform_mb.o ./src/platform_ppc.o ./src/platform_zynq.o ./src/platform_zynqmp.o ./src/sfp.o ./src/si5324.o   -Wl,--start-group,-lxil,-lgcc,-lc,--end-group -Wl,--start-group,-lxil,-llwip4,-lgcc,-lc,--end-group
'Finished building target: iot_display2.elf'
' '
'Invoking: ARM v7 Print Size'
arm-none-eabi-size iot_display2.elf  |tee "iot_display2.elf.size"
   text	   data	    bss	    dec	    hex	filename
 109960	   3448	2218304	2331712	 239440	iot_display2.elf
'Finished building: iot_display2.elf.size'
' '
17:55:55 **** Incremental Build of configuration Debug for project iot_display2_system ****
make all 
Generating bif file for the system project
generate_system_bif.bat 9604 D:/pantherun/Iot_Display/design_1_wrapper/export/design_1_wrapper/design_1_wrapper.xpfm standalone_domain D:/pantherun/Iot_Display/iot_display2_system/Debug/system.bif
sdcard_gen --xpfm D:/pantherun/Iot_Display/design_1_wrapper/export/design_1_wrapper/design_1_wrapper.xpfm --sys_config design_1_wrapper --bif D:/pantherun/Iot_Display/iot_display2_system/Debug/system.bif --bitstream D:/pantherun/Iot_Display/iot_display2/_ide/bitstream/design_1_wrapper.bit --elf D:/pantherun/Iot_Display/iot_display2/Debug/iot_display2.elf,ps7_cortexa9_0
creating BOOT.BIN using D:/pantherun/Iot_Display/iot_display2/_ide/bitstream/design_1_wrapper.bit
Running D:/Xilinx/Vitis/2019.2/bin/bootgen  -image D:/pantherun/Iot_Display/iot_display2_system/Debug/sd_card_temp/boot.bif -w -o i BOOT.BIN
